// Jest Snapshot v1, https://goo.gl/fbAQLP

exports[`CustomButtonコンポーネント スナップショットが一致する 1`] = `
<div>
  <button
    class="group relative flex items-stretch justify-center p-0.5 text-center font-medium transition-[color,background-color,border-color,text-decoration-color,fill,stroke,box-shadow] focus:z-10 focus:outline-none border border-transparent bg-cyan-700 text-white focus:ring-4 focus:ring-cyan-300 enabled:hover:bg-cyan-800 dark:bg-cyan-600 dark:focus:ring-cyan-800 dark:enabled:hover:bg-cyan-700 rounded-lg"
    type="button"
  >
    <span
      class="flex items-stretch transition-all duration-200 rounded-md px-4 py-2 text-sm"
    >
      <span
        class="ml-2 inline-flex h-4 w-4 items-center justify-center rounded-full bg-cyan-200 text-xs font-semibold text-cyan-800"
        data-testid="flowbite-button-label"
      />
    </span>
  </button>
</div>
`;
